// Jest Snapshot v1, https://goo.gl/fbAQLP

exports[`Avatar renders correctly 1`] = `
<View
  accessible={true}
  isTVSelectable={true}
  onResponderGrant={[Function]}
  onResponderMove={[Function]}
  onResponderRelease={[Function]}
  onResponderTerminate={[Function]}
  onResponderTerminationRequest={[Function]}
  onStartShouldSetResponder={[Function]}
  style={
    Object {
      "opacity": 1,
    }
  }
>
  <Image
    source={
      Object {
        "uri": "https://patdugan.me/images/me.jpg",
      }
    }
    style={
      Object {
        "borderRadius": 30,
        "height": 60,
        "width": 60,
      }
    }
  />
</View>
`;
